========================================
  GroceryFlow IMS - Quick Compiler
========================================

Compiling project...
cmd.exe : main.cpp: In function 'void showStaffDashboard(Database&, UserManager&, 
InventoryManager&, SalesManager&, SupplierManager&, PurchaseOrderManager&, ReceivingManager&)':
At line:1 char:73
+ ... RKSHOP 1\Project\smart grocery" ; cmd.exe /c compile.bat 2>&1 | Tee-O ...
+                                       ~~~~~~~~~~~~~~~~~~~~~~~~~~~
    + CategoryInfo          : NotSpecified: (main.cpp: In fu...vingManager&)'::String) [], RemoteEx 
   ception
    + FullyQualifiedErrorId : NativeCommandError
 
main.cpp:102:42: warning: unused parameter 'invMgr' [-Wunused-parameter]
  102 |                        InventoryManager& invMgr, SalesManager& salesMgr,
      |                        ~~~~~~~~~~~~~~~~~~^~~~~~
main.cpp:103:41: warning: unused parameter 'supplierMgr' [-Wunused-parameter]
  103 |                        SupplierManager& supplierMgr, PurchaseOrderManager& poMgr,
      |                        ~~~~~~~~~~~~~~~~~^~~~~~~~~~~
main.cpp:103:76: warning: unused parameter 'poMgr' [-Wunused-parameter]
  103 |                        SupplierManager& supplierMgr, PurchaseOrderManager& poMgr,
      |                                                      ~~~~~~~~~~~~~~~~~~~~~~^~~~~
main.cpp:104:42: warning: unused parameter 'recvMgr' [-Wunused-parameter]
  104 |                        ReceivingManager& recvMgr) {
      |                        ~~~~~~~~~~~~~~~~~~^~~~~~~
Sales.cpp:92:6: warning: 'bool {anonymous}::isStartBeforeOrEqual(const std::string&, const 
std::string&)' defined but not used [-Wunused-function]
   92 | bool isStartBeforeOrEqual(const string& startDate, const string& endDate) {
      |      ^~~~~~~~~~~~~~~~~~~~

========================================
  SUCCESS! main.exe compiled
========================================

Location: C:\Users\faris\OneDrive\Desktop\WORKSHOP 1\Project\smart grocery\main.exe

Press any key to continue . . . 
Terminate batch job (Y/N)? Terminate batch job (Y/N)? Terminate batch job (Y/N)? Terminate batch job (Y/N)? Terminate batch job (Y/N)? Terminate batch job (Y/N)? Terminate batch job (Y/N)? Terminate batch job (Y/N)? Terminate batch job (Y/N)? Terminate batch job (Y/N)? Terminate batch job (Y/N)? Terminate batch job (Y/N)? Terminate batch job (Y/N)? Terminate batch job (Y/N)? Terminate batch job (Y/N)? Terminate batch job (Y/N)? Terminate batch job (Y/N)? Terminate batch job (Y/N)? Terminate batch job (Y/N)? Terminate batch job (Y/N)? Terminate batch job (Y/N)? Terminate batch job (Y/N)? Terminate batch job (Y/N)? 
